// Jest Snapshot v1, https://goo.gl/fbAQLP

exports[`renders filter component correctly 1`] = `
<div
  className="dropdown"
>
  <button
    aria-expanded="false"
    aria-haspopup="true"
    className="btn btn-secondary dropdown-toggle"
    data-toggle="dropdown"
    id="dropdownMenuButton"
    type="button"
  />
  <div
    aria-labelledby="dropdownMenuButton"
    className="dropdown-menu"
  >
    <a
      className="dropdown-item"
      href="#"
    >
      one
    </a>
    <a
      className="dropdown-item"
      href="#"
    >
      two
    </a>
    <a
      className="dropdown-item"
      href="#"
    >
      three
    </a>
  </div>
</div>
`;
